// Jest Snapshot v1, https://goo.gl/fbAQLP

exports[`okay 1`] = `"91390eba15afedd6a6742b054950a62f5487108b7bb0a56ca73c207a4bbe2db1"`;
