// Jest Snapshot v1, https://goo.gl/fbAQLP

exports[`default hidden 1`] = `false`;
